Copyright 1986-2022 Xilinx, Inc. All Rights Reserved. Copyright 2022-2023 Advanced Micro Devices, Inc. All Rights Reserved.
---------------------------------------------------------------------------------------------------------------------------------------------
| Tool Version : Vivado v.2023.1 (lin64) Build 3865809 Sun May  7 15:04:56 MDT 2023
| Date         : Mon Aug 17 23:16:58 2026
| Host         : mxp running 64-bit Ubuntu 22.04.5 LTS
| Command      : report_utilization -file output/rpts/impl/20260817_2309/cve2_top_util.rpt -hierarchical
| Design       : accelerator_top
| Device       : xczu7ev-ffvc1156-2-e
| Speed File   : -2
| Design State : Routed
---------------------------------------------------------------------------------------------------------------------------------------------

Utilization Design Information

Table of Contents
-----------------
1. Utilization by Hierarchy

1. Utilization by Hierarchy
---------------------------

+-----------------------------------------------------------------------------------+-----------------------------------------------------------------------------+------------+------------+---------+------+------+--------+--------+------+------------+
|                                      Instance                                     |                                    Module                                   | Total LUTs | Logic LUTs | LUTRAMs | SRLs |  FFs | RAMB36 | RAMB18 | URAM | DSP Blocks |
+-----------------------------------------------------------------------------------+-----------------------------------------------------------------------------+------------+------------+---------+------+------+--------+--------+------+------------+
| accelerator_top                                                                   |                                                                       (top) |       9279 |       9196 |      40 |   43 | 6411 |    131 |      2 |    0 |         13 |
|   (accelerator_top)                                                               |                                                                       (top) |          0 |          0 |       0 |    0 |   66 |      0 |      0 |    0 |          0 |
|   memory_system_i                                                                 |                                                               memory_system |       1219 |       1219 |       0 |    0 |   50 |    129 |      0 |    0 |          0 |
|   ps_i                                                                            |                                                                          ps |        939 |        856 |      40 |   43 |  999 |      0 |      0 |    0 |          0 |
|     (ps_i)                                                                        |                                                                          ps |          0 |          0 |       0 |    0 |    0 |      0 |      0 |    0 |          0 |
|     axi_interconnect_0                                                            |                                                     ps_axi_interconnect_0_0 |        922 |        840 |      40 |   42 |  961 |      0 |      0 |    0 |          0 |
|       s00_couplers                                                                |                                                     s00_couplers_imp_82ZNWD |        922 |        840 |      40 |   42 |  961 |      0 |      0 |    0 |          0 |
|         (s00_couplers)                                                            |                                                     s00_couplers_imp_82ZNWD |          0 |          0 |       0 |    0 |    0 |      0 |      0 |    0 |          0 |
|         auto_ds                                                                   |                                                                ps_auto_ds_0 |        647 |        607 |      40 |    0 |  689 |      0 |      0 |    0 |          0 |
|           inst                                                                    |                               ps_auto_ds_0_axi_dwidth_converter_v2_1_28_top |        647 |        607 |      40 |    0 |  689 |      0 |      0 |    0 |          0 |
|             gen_downsizer.gen_simple_downsizer.axi_downsizer_inst                 |                     ps_auto_ds_0_axi_dwidth_converter_v2_1_28_axi_downsizer |        647 |        607 |      40 |    0 |  689 |      0 |      0 |    0 |          0 |
|               USE_READ.read_addr_inst                                             |       ps_auto_ds_0_axi_dwidth_converter_v2_1_28_a_downsizer__parameterized0 |        366 |        348 |      18 |    0 |  266 |      0 |      0 |    0 |          0 |
|                 (USE_READ.read_addr_inst)                                         |       ps_auto_ds_0_axi_dwidth_converter_v2_1_28_a_downsizer__parameterized0 |        101 |        101 |       0 |    0 |  172 |      0 |      0 |    0 |          0 |
|                 cmd_queue                                                         |                ps_auto_ds_0_axi_data_fifo_v2_1_27_axic_fifo__parameterized0 |        265 |        247 |      18 |    0 |   94 |      0 |      0 |    0 |          0 |
|                   inst                                                            |                 ps_auto_ds_0_axi_data_fifo_v2_1_27_fifo_gen__parameterized0 |        265 |        247 |      18 |    0 |   94 |      0 |      0 |    0 |          0 |
|                     (inst)                                                        |                 ps_auto_ds_0_axi_data_fifo_v2_1_27_fifo_gen__parameterized0 |        221 |        221 |       0 |    0 |    0 |      0 |      0 |    0 |          0 |
|                     fifo_gen_inst                                                 |                         ps_auto_ds_0_fifo_generator_v13_2_8__parameterized0 |         44 |         26 |      18 |    0 |   94 |      0 |      0 |    0 |          0 |
|                       inst_fifo_gen                                               |                   ps_auto_ds_0_fifo_generator_v13_2_8_synth__parameterized0 |         44 |         26 |      18 |    0 |   94 |      0 |      0 |    0 |          0 |
|                         gconvfifo.rf                                              |                             ps_auto_ds_0_fifo_generator_top__parameterized0 |         44 |         26 |      18 |    0 |   94 |      0 |      0 |    0 |          0 |
|                           grf.rf                                                  |                         ps_auto_ds_0_fifo_generator_ramfifo__parameterized0 |         44 |         26 |      18 |    0 |   94 |      0 |      0 |    0 |          0 |
|                             gntv_or_sync_fifo.gl0.rd                              |                                                     ps_auto_ds_0_rd_logic_7 |          9 |          9 |       0 |    0 |   20 |      0 |      0 |    0 |          0 |
|                               gr1.gr1_int.rfwft                                   |                                                     ps_auto_ds_0_rd_fwft_13 |          6 |          6 |       0 |    0 |    8 |      0 |      0 |    0 |          0 |
|                               grss.rsts                                           |                                          ps_auto_ds_0_rd_status_flags_ss_14 |          0 |          0 |       0 |    0 |    2 |      0 |      0 |    0 |          0 |
|                               rpntr                                               |                                                 ps_auto_ds_0_rd_bin_cntr_15 |          3 |          3 |       0 |    0 |   10 |      0 |      0 |    0 |          0 |
|                             gntv_or_sync_fifo.gl0.wr                              |                                                     ps_auto_ds_0_wr_logic_8 |         12 |         12 |       0 |    0 |   12 |      0 |      0 |    0 |          0 |
|                               gwss.wsts                                           |                                          ps_auto_ds_0_wr_status_flags_ss_11 |          2 |          2 |       0 |    0 |    2 |      0 |      0 |    0 |          0 |
|                               wpntr                                               |                                                 ps_auto_ds_0_wr_bin_cntr_12 |         11 |         11 |       0 |    0 |   10 |      0 |      0 |    0 |          0 |
|                             gntv_or_sync_fifo.mem                                 |                                       ps_auto_ds_0_memory__parameterized0_9 |         18 |          0 |      18 |    0 |   58 |      0 |      0 |    0 |          0 |
|                               (gntv_or_sync_fifo.mem)                             |                                       ps_auto_ds_0_memory__parameterized0_9 |          0 |          0 |       0 |    0 |   29 |      0 |      0 |    0 |          0 |
|                               gdm.dm_gen.dm                                       |                                        ps_auto_ds_0_dmem__parameterized0_10 |         18 |          0 |      18 |    0 |   29 |      0 |      0 |    0 |          0 |
|                             rstblk                                                |                                              ps_auto_ds_0_reset_blk_ramfifo |          5 |          5 |       0 |    0 |    4 |      0 |      0 |    0 |          0 |
|                               (rstblk)                                            |                                              ps_auto_ds_0_reset_blk_ramfifo |          5 |          5 |       0 |    0 |    2 |      0 |      0 |    0 |          0 |
|                               ngwrdrst.grst.g7serrst.gnsckt_wrst.rst_wr_reg2_inst |                                              ps_auto_ds_0_xpm_cdc_async_rst |          0 |          0 |       0 |    0 |    2 |      0 |      0 |    0 |          0 |
|               USE_READ.read_data_inst                                             |                       ps_auto_ds_0_axi_dwidth_converter_v2_1_28_r_downsizer |         21 |         21 |       0 |    0 |  143 |      0 |      0 |    0 |          0 |
|               USE_WRITE.USE_SPLIT.write_resp_inst                                 |                       ps_auto_ds_0_axi_dwidth_converter_v2_1_28_b_downsizer |         16 |         16 |       0 |    0 |   11 |      0 |      0 |    0 |          0 |
|               USE_WRITE.write_addr_inst                                           |                       ps_auto_ds_0_axi_dwidth_converter_v2_1_28_a_downsizer |        227 |        205 |      22 |    0 |  256 |      0 |      0 |    0 |          0 |
|                 (USE_WRITE.write_addr_inst)                                       |                       ps_auto_ds_0_axi_dwidth_converter_v2_1_28_a_downsizer |         65 |         65 |       0 |    0 |  126 |      0 |      0 |    0 |          0 |
|                 USE_B_CHANNEL.cmd_b_queue                                         |                                ps_auto_ds_0_axi_data_fifo_v2_1_27_axic_fifo |         42 |         38 |       4 |    0 |   46 |      0 |      0 |    0 |          0 |
|                   inst                                                            |                                 ps_auto_ds_0_axi_data_fifo_v2_1_27_fifo_gen |         42 |         38 |       4 |    0 |   46 |      0 |      0 |    0 |          0 |
|                     (inst)                                                        |                                 ps_auto_ds_0_axi_data_fifo_v2_1_27_fifo_gen |         12 |         12 |       0 |    0 |    0 |      0 |      0 |    0 |          0 |
|                     fifo_gen_inst                                                 |                                         ps_auto_ds_0_fifo_generator_v13_2_8 |         30 |         26 |       4 |    0 |   46 |      0 |      0 |    0 |          0 |
|                       inst_fifo_gen                                               |                                   ps_auto_ds_0_fifo_generator_v13_2_8_synth |         30 |         26 |       4 |    0 |   46 |      0 |      0 |    0 |          0 |
|                         gconvfifo.rf                                              |                                             ps_auto_ds_0_fifo_generator_top |         30 |         26 |       4 |    0 |   46 |      0 |      0 |    0 |          0 |
|                           grf.rf                                                  |                                         ps_auto_ds_0_fifo_generator_ramfifo |         30 |         26 |       4 |    0 |   46 |      0 |      0 |    0 |          0 |
|                             gntv_or_sync_fifo.gl0.rd                              |                                                     ps_auto_ds_0_rd_logic_0 |          9 |          9 |       0 |    0 |   20 |      0 |      0 |    0 |          0 |
|                               gr1.gr1_int.rfwft                                   |                                                      ps_auto_ds_0_rd_fwft_4 |          6 |          6 |       0 |    0 |    8 |      0 |      0 |    0 |          0 |
|                               grss.rsts                                           |                                           ps_auto_ds_0_rd_status_flags_ss_5 |          0 |          0 |       0 |    0 |    2 |      0 |      0 |    0 |          0 |
|                               rpntr                                               |                                                  ps_auto_ds_0_rd_bin_cntr_6 |          3 |          3 |       0 |    0 |   10 |      0 |      0 |    0 |          0 |
|                             gntv_or_sync_fifo.gl0.wr                              |                                                     ps_auto_ds_0_wr_logic_1 |         12 |         12 |       0 |    0 |   12 |      0 |      0 |    0 |          0 |
|                               gwss.wsts                                           |                                           ps_auto_ds_0_wr_status_flags_ss_2 |          2 |          2 |       0 |    0 |    2 |      0 |      0 |    0 |          0 |
|                               wpntr                                               |                                                  ps_auto_ds_0_wr_bin_cntr_3 |         11 |         11 |       0 |    0 |   10 |      0 |      0 |    0 |          0 |
|                             gntv_or_sync_fifo.mem                                 |                                                         ps_auto_ds_0_memory |          4 |          0 |       4 |    0 |   10 |      0 |      0 |    0 |          0 |
|                               (gntv_or_sync_fifo.mem)                             |                                                         ps_auto_ds_0_memory |          0 |          0 |       0 |    0 |    5 |      0 |      0 |    0 |          0 |
|                               gdm.dm_gen.dm                                       |                                                           ps_auto_ds_0_dmem |          4 |          0 |       4 |    0 |    5 |      0 |      0 |    0 |          0 |
|                             rstblk                                                |                                   ps_auto_ds_0_reset_blk_ramfifo__xdcDup__1 |          5 |          5 |       0 |    0 |    4 |      0 |      0 |    0 |          0 |
|                               (rstblk)                                            |                                   ps_auto_ds_0_reset_blk_ramfifo__xdcDup__1 |          5 |          5 |       0 |    0 |    2 |      0 |      0 |    0 |          0 |
|                               ngwrdrst.grst.g7serrst.gnsckt_wrst.rst_wr_reg2_inst |                                           ps_auto_ds_0_xpm_cdc_async_rst__3 |          0 |          0 |       0 |    0 |    2 |      0 |      0 |    0 |          0 |
|                 cmd_queue                                                         |     ps_auto_ds_0_axi_data_fifo_v2_1_27_axic_fifo__parameterized0__xdcDup__1 |        120 |        102 |      18 |    0 |   84 |      0 |      0 |    0 |          0 |
|                   inst                                                            |      ps_auto_ds_0_axi_data_fifo_v2_1_27_fifo_gen__parameterized0__xdcDup__1 |        120 |        102 |      18 |    0 |   84 |      0 |      0 |    0 |          0 |
|                     (inst)                                                        |      ps_auto_ds_0_axi_data_fifo_v2_1_27_fifo_gen__parameterized0__xdcDup__1 |         76 |         76 |       0 |    0 |    0 |      0 |      0 |    0 |          0 |
|                     fifo_gen_inst                                                 |              ps_auto_ds_0_fifo_generator_v13_2_8__parameterized0__xdcDup__1 |         44 |         26 |      18 |    0 |   84 |      0 |      0 |    0 |          0 |
|                       inst_fifo_gen                                               |        ps_auto_ds_0_fifo_generator_v13_2_8_synth__parameterized0__xdcDup__1 |         44 |         26 |      18 |    0 |   84 |      0 |      0 |    0 |          0 |
|                         gconvfifo.rf                                              |                  ps_auto_ds_0_fifo_generator_top__parameterized0__xdcDup__1 |         44 |         26 |      18 |    0 |   84 |      0 |      0 |    0 |          0 |
|                           grf.rf                                                  |              ps_auto_ds_0_fifo_generator_ramfifo__parameterized0__xdcDup__1 |         44 |         26 |      18 |    0 |   84 |      0 |      0 |    0 |          0 |
|                             gntv_or_sync_fifo.gl0.rd                              |                                                       ps_auto_ds_0_rd_logic |          9 |          9 |       0 |    0 |   20 |      0 |      0 |    0 |          0 |
|                               gr1.gr1_int.rfwft                                   |                                                        ps_auto_ds_0_rd_fwft |          6 |          6 |       0 |    0 |    8 |      0 |      0 |    0 |          0 |
|                               grss.rsts                                           |                                             ps_auto_ds_0_rd_status_flags_ss |          0 |          0 |       0 |    0 |    2 |      0 |      0 |    0 |          0 |
|                               rpntr                                               |                                                    ps_auto_ds_0_rd_bin_cntr |          3 |          3 |       0 |    0 |   10 |      0 |      0 |    0 |          0 |
|                             gntv_or_sync_fifo.gl0.wr                              |                                                       ps_auto_ds_0_wr_logic |         12 |         12 |       0 |    0 |   12 |      0 |      0 |    0 |          0 |
|                               gwss.wsts                                           |                                             ps_auto_ds_0_wr_status_flags_ss |          2 |          2 |       0 |    0 |    2 |      0 |      0 |    0 |          0 |
|                               wpntr                                               |                                                    ps_auto_ds_0_wr_bin_cntr |         11 |         11 |       0 |    0 |   10 |      0 |      0 |    0 |          0 |
|                             gntv_or_sync_fifo.mem                                 |                                         ps_auto_ds_0_memory__parameterized0 |         18 |          0 |      18 |    0 |   48 |      0 |      0 |    0 |          0 |
|                               (gntv_or_sync_fifo.mem)                             |                                         ps_auto_ds_0_memory__parameterized0 |          0 |          0 |       0 |    0 |   24 |      0 |      0 |    0 |          0 |
|                               gdm.dm_gen.dm                                       |                                           ps_auto_ds_0_dmem__parameterized0 |         18 |          0 |      18 |    0 |   24 |      0 |      0 |    0 |          0 |
|                             rstblk                                                |                                   ps_auto_ds_0_reset_blk_ramfifo__xdcDup__2 |          5 |          5 |       0 |    0 |    4 |      0 |      0 |    0 |          0 |
|                               (rstblk)                                            |                                   ps_auto_ds_0_reset_blk_ramfifo__xdcDup__2 |          5 |          5 |       0 |    0 |    2 |      0 |      0 |    0 |          0 |
|                               ngwrdrst.grst.g7serrst.gnsckt_wrst.rst_wr_reg2_inst |                                           ps_auto_ds_0_xpm_cdc_async_rst__4 |          0 |          0 |       0 |    0 |    2 |      0 |      0 |    0 |          0 |
|               USE_WRITE.write_data_inst                                           |                       ps_auto_ds_0_axi_dwidth_converter_v2_1_28_w_downsizer |         17 |         17 |       0 |    0 |   13 |      0 |      0 |    0 |          0 |
|         auto_pc                                                                   |                                                                ps_auto_pc_0 |        275 |        233 |       0 |   42 |  272 |      0 |      0 |    0 |          0 |
|           inst                                                                    |          ps_auto_pc_0_axi_protocol_converter_v2_1_28_axi_protocol_converter |        275 |        233 |       0 |   42 |  272 |      0 |      0 |    0 |          0 |
|             gen_axilite.gen_b2s_conv.axilite_b2s                                  |                             ps_auto_pc_0_axi_protocol_converter_v2_1_28_b2s |        275 |        233 |       0 |   42 |  272 |      0 |      0 |    0 |          0 |
|               (gen_axilite.gen_b2s_conv.axilite_b2s)                              |                             ps_auto_pc_0_axi_protocol_converter_v2_1_28_b2s |          0 |          0 |       0 |    0 |    1 |      0 |      0 |    0 |          0 |
|               RD.ar_channel_0                                                     |                  ps_auto_pc_0_axi_protocol_converter_v2_1_28_b2s_ar_channel |         81 |         81 |       0 |    0 |   70 |      0 |      0 |    0 |          0 |
|                 ar_cmd_fsm_0                                                      |                  ps_auto_pc_0_axi_protocol_converter_v2_1_28_b2s_rd_cmd_fsm |         17 |         17 |       0 |    0 |    2 |      0 |      0 |    0 |          0 |
|                 cmd_translator_0                                                  |            ps_auto_pc_0_axi_protocol_converter_v2_1_28_b2s_cmd_translator_1 |         64 |         64 |       0 |    0 |   68 |      0 |      0 |    0 |          0 |
|                   (cmd_translator_0)                                              |            ps_auto_pc_0_axi_protocol_converter_v2_1_28_b2s_cmd_translator_1 |          1 |          1 |       0 |    0 |    3 |      0 |      0 |    0 |          0 |
|                   incr_cmd_0                                                      |                  ps_auto_pc_0_axi_protocol_converter_v2_1_28_b2s_incr_cmd_2 |         23 |         23 |       0 |    0 |   22 |      0 |      0 |    0 |          0 |
|                   wrap_cmd_0                                                      |                  ps_auto_pc_0_axi_protocol_converter_v2_1_28_b2s_wrap_cmd_3 |         40 |         40 |       0 |    0 |   43 |      0 |      0 |    0 |          0 |
|               RD.r_channel_0                                                      |                   ps_auto_pc_0_axi_protocol_converter_v2_1_28_b2s_r_channel |         47 |         14 |       0 |   33 |   12 |      0 |      0 |    0 |          0 |
|                 (RD.r_channel_0)                                                  |                   ps_auto_pc_0_axi_protocol_converter_v2_1_28_b2s_r_channel |          0 |          0 |       0 |    0 |    2 |      0 |      0 |    0 |          0 |
|                 rd_data_fifo_0                                                    | ps_auto_pc_0_axi_protocol_converter_v2_1_28_b2s_simple_fifo__parameterized1 |         39 |          7 |       0 |   32 |    5 |      0 |      0 |    0 |          0 |
|                 transaction_fifo_0                                                | ps_auto_pc_0_axi_protocol_converter_v2_1_28_b2s_simple_fifo__parameterized2 |          8 |          7 |       0 |    1 |    5 |      0 |      0 |    0 |          0 |
|               SI_REG                                                              |                  ps_auto_pc_0_axi_register_slice_v2_1_28_axi_register_slice |         85 |         85 |       0 |    0 |  146 |      0 |      0 |    0 |          0 |
|                 ar.ar_pipe                                                        |                 ps_auto_pc_0_axi_register_slice_v2_1_28_axic_register_slice |         49 |         49 |       0 |    0 |   51 |      0 |      0 |    0 |          0 |
|                 aw.aw_pipe                                                        |               ps_auto_pc_0_axi_register_slice_v2_1_28_axic_register_slice_0 |         11 |         11 |       0 |    0 |   21 |      0 |      0 |    0 |          0 |
|                 b.b_pipe                                                          | ps_auto_pc_0_axi_register_slice_v2_1_28_axic_register_slice__parameterized1 |          4 |          4 |       0 |    0 |    6 |      0 |      0 |    0 |          0 |
|                 r.r_pipe                                                          | ps_auto_pc_0_axi_register_slice_v2_1_28_axic_register_slice__parameterized2 |         21 |         21 |       0 |    0 |   68 |      0 |      0 |    0 |          0 |
|               WR.aw_channel_0                                                     |                  ps_auto_pc_0_axi_protocol_converter_v2_1_28_b2s_aw_channel |         27 |         27 |       0 |    0 |   27 |      0 |      0 |    0 |          0 |
|                 (WR.aw_channel_0)                                                 |                  ps_auto_pc_0_axi_protocol_converter_v2_1_28_b2s_aw_channel |          0 |          0 |       0 |    0 |    8 |      0 |      0 |    0 |          0 |
|                 aw_cmd_fsm_0                                                      |                  ps_auto_pc_0_axi_protocol_converter_v2_1_28_b2s_wr_cmd_fsm |         12 |         12 |       0 |    0 |    2 |      0 |      0 |    0 |          0 |
|                 cmd_translator_0                                                  |              ps_auto_pc_0_axi_protocol_converter_v2_1_28_b2s_cmd_translator |         15 |         15 |       0 |    0 |   17 |      0 |      0 |    0 |          0 |
|                   (cmd_translator_0)                                              |              ps_auto_pc_0_axi_protocol_converter_v2_1_28_b2s_cmd_translator |          1 |          1 |       0 |    0 |    3 |      0 |      0 |    0 |          0 |
|                   incr_cmd_0                                                      |                    ps_auto_pc_0_axi_protocol_converter_v2_1_28_b2s_incr_cmd |          9 |          9 |       0 |    0 |    9 |      0 |      0 |    0 |          0 |
|                   wrap_cmd_0                                                      |                    ps_auto_pc_0_axi_protocol_converter_v2_1_28_b2s_wrap_cmd |          6 |          6 |       0 |    0 |    5 |      0 |      0 |    0 |          0 |
|               WR.b_channel_0                                                      |                   ps_auto_pc_0_axi_protocol_converter_v2_1_28_b2s_b_channel |         36 |         27 |       0 |    9 |   16 |      0 |      0 |    0 |          0 |
|                 (WR.b_channel_0)                                                  |                   ps_auto_pc_0_axi_protocol_converter_v2_1_28_b2s_b_channel |          7 |          7 |       0 |    0 |   12 |      0 |      0 |    0 |          0 |
|                 bid_fifo_0                                                        |                 ps_auto_pc_0_axi_protocol_converter_v2_1_28_b2s_simple_fifo |         24 |         16 |       0 |    8 |    2 |      0 |      0 |    0 |          0 |
|                 bresp_fifo_0                                                      | ps_auto_pc_0_axi_protocol_converter_v2_1_28_b2s_simple_fifo__parameterized0 |          5 |          4 |       0 |    1 |    2 |      0 |      0 |    0 |          0 |
|     proc_sys_reset_0                                                              |                                                       ps_proc_sys_reset_0_0 |         17 |         16 |       0 |    1 |   38 |      0 |      0 |    0 |          0 |
|       U0                                                                          |                                        ps_proc_sys_reset_0_0_proc_sys_reset |         17 |         16 |       0 |    1 |   38 |      0 |      0 |    0 |          0 |
|         (U0)                                                                      |                                        ps_proc_sys_reset_0_0_proc_sys_reset |          0 |          0 |       0 |    0 |    3 |      0 |      0 |    0 |          0 |
|         EXT_LPF                                                                   |                                                   ps_proc_sys_reset_0_0_lpf |          5 |          4 |       0 |    1 |   17 |      0 |      0 |    0 |          0 |
|           (EXT_LPF)                                                               |                                                   ps_proc_sys_reset_0_0_lpf |          2 |          1 |       0 |    1 |    9 |      0 |      0 |    0 |          0 |
|           ACTIVE_LOW_AUX.ACT_LO_AUX                                               |                                              ps_proc_sys_reset_0_0_cdc_sync |          1 |          1 |       0 |    0 |    4 |      0 |      0 |    0 |          0 |
|           ACTIVE_LOW_EXT.ACT_LO_EXT                                               |                                            ps_proc_sys_reset_0_0_cdc_sync_0 |          2 |          2 |       0 |    0 |    4 |      0 |      0 |    0 |          0 |
|         SEQ                                                                       |                                          ps_proc_sys_reset_0_0_sequence_psr |         12 |         12 |       0 |    0 |   18 |      0 |      0 |    0 |          0 |
|           (SEQ)                                                                   |                                          ps_proc_sys_reset_0_0_sequence_psr |          8 |          8 |       0 |    0 |   12 |      0 |      0 |    0 |          0 |
|           SEQ_COUNTER                                                             |                                               ps_proc_sys_reset_0_0_upcnt_n |          4 |          4 |       0 |    0 |    6 |      0 |      0 |    0 |          0 |
|     zynq_ultra_ps_e_0                                                             |                                                      ps_zynq_ultra_ps_e_0_0 |          0 |          0 |       0 |    0 |    0 |      0 |      0 |    0 |          0 |
|       inst                                                                        |               ps_zynq_ultra_ps_e_0_0_zynq_ultra_ps_e_v3_5_0_zynq_ultra_ps_e |          0 |          0 |       0 |    0 |    0 |      0 |      0 |    0 |          0 |
|   u_cve2_core                                                                     |                                                                   cve2_core |       7122 |       7122 |       0 |    0 | 5296 |      2 |      2 |    0 |         13 |
|     (u_cve2_core)                                                                 |                                                                   cve2_core |          1 |          1 |       0 |    0 |    0 |      0 |      0 |    0 |          0 |
|     cf_unit_i                                                                     |                                                            cve2_cf_mac_unit |       2238 |       2238 |       0 |    0 | 2751 |      0 |      2 |    0 |          0 |
|       (cf_unit_i)                                                                 |                                                            cve2_cf_mac_unit |         13 |         13 |       0 |    0 | 1197 |      0 |      0 |    0 |          0 |
|       u_accum_bram                                                                |                                                              mac_accum_bram |         60 |         60 |       0 |    0 |   55 |      0 |      2 |    0 |          0 |
|       u_array                                                                     |                                                                   mac_array |       1024 |       1024 |       0 |    0 | 1024 |      0 |      0 |    0 |          0 |
|         GEN_ROW[0].GEN_COL[0].u_mac                                               |                                                                    mac_cell |         16 |         16 |       0 |    0 |   16 |      0 |      0 |    0 |          0 |
|           u_acc                                                                   |                                                         accumulator_reg_204 |          8 |          8 |       0 |    0 |   16 |      0 |      0 |    0 |          0 |
|           u_add                                                                   |                                                             sat16_adder_205 |          8 |          8 |       0 |    0 |    0 |      0 |      0 |    0 |          0 |
|         GEN_ROW[0].GEN_COL[1].u_mac                                               |                                                                 mac_cell_17 |         16 |         16 |       0 |    0 |   16 |      0 |      0 |    0 |          0 |
|           u_acc                                                                   |                                                         accumulator_reg_202 |          8 |          8 |       0 |    0 |   16 |      0 |      0 |    0 |          0 |
|           u_add                                                                   |                                                             sat16_adder_203 |          8 |          8 |       0 |    0 |    0 |      0 |      0 |    0 |          0 |
|         GEN_ROW[0].GEN_COL[2].u_mac                                               |                                                                 mac_cell_18 |         16 |         16 |       0 |    0 |   16 |      0 |      0 |    0 |          0 |
|           u_acc                                                                   |                                                         accumulator_reg_200 |          8 |          8 |       0 |    0 |   16 |      0 |      0 |    0 |          0 |
|           u_add                                                                   |                                                             sat16_adder_201 |          8 |          8 |       0 |    0 |    0 |      0 |      0 |    0 |          0 |
|         GEN_ROW[0].GEN_COL[3].u_mac                                               |                                                                 mac_cell_19 |         16 |         16 |       0 |    0 |   16 |      0 |      0 |    0 |          0 |
|           u_acc                                                                   |                                                         accumulator_reg_198 |          8 |          8 |       0 |    0 |   16 |      0 |      0 |    0 |          0 |
|           u_add                                                                   |                                                             sat16_adder_199 |          8 |          8 |       0 |    0 |    0 |      0 |      0 |    0 |          0 |
|         GEN_ROW[0].GEN_COL[4].u_mac                                               |                                                                 mac_cell_20 |         16 |         16 |       0 |    0 |   16 |      0 |      0 |    0 |          0 |
|           u_acc                                                                   |                                                         accumulator_reg_196 |          8 |          8 |       0 |    0 |   16 |      0 |      0 |    0 |          0 |
|           u_add                                                                   |                                                             sat16_adder_197 |          8 |          8 |       0 |    0 |    0 |      0 |      0 |    0 |          0 |
|         GEN_ROW[0].GEN_COL[5].u_mac                                               |                                                                 mac_cell_21 |         16 |         16 |       0 |    0 |   16 |      0 |      0 |    0 |          0 |
|           u_acc                                                                   |                                                         accumulator_reg_194 |          8 |          8 |       0 |    0 |   16 |      0 |      0 |    0 |          0 |
|           u_add                                                                   |                                                             sat16_adder_195 |          8 |          8 |       0 |    0 |    0 |      0 |      0 |    0 |          0 |
|         GEN_ROW[0].GEN_COL[6].u_mac                                               |                                                                 mac_cell_22 |         16 |         16 |       0 |    0 |   16 |      0 |      0 |    0 |          0 |
|           u_acc                                                                   |                                                         accumulator_reg_192 |          8 |          8 |       0 |    0 |   16 |      0 |      0 |    0 |          0 |
|           u_add                                                                   |                                                             sat16_adder_193 |          8 |          8 |       0 |    0 |    0 |      0 |      0 |    0 |          0 |
|         GEN_ROW[0].GEN_COL[7].u_mac                                               |                                                                 mac_cell_23 |         16 |         16 |       0 |    0 |   16 |      0 |      0 |    0 |          0 |
|           u_acc                                                                   |                                                         accumulator_reg_190 |          8 |          8 |       0 |    0 |   16 |      0 |      0 |    0 |          0 |
|           u_add                                                                   |                                                             sat16_adder_191 |          8 |          8 |       0 |    0 |    0 |      0 |      0 |    0 |          0 |
|         GEN_ROW[1].GEN_COL[0].u_mac                                               |                                                                 mac_cell_24 |         16 |         16 |       0 |    0 |   16 |      0 |      0 |    0 |          0 |
|           u_acc                                                                   |                                                         accumulator_reg_188 |          8 |          8 |       0 |    0 |   16 |      0 |      0 |    0 |          0 |
|           u_add                                                                   |                                                             sat16_adder_189 |          8 |          8 |       0 |    0 |    0 |      0 |      0 |    0 |          0 |
|         GEN_ROW[1].GEN_COL[1].u_mac                                               |                                                                 mac_cell_25 |         16 |         16 |       0 |    0 |   16 |      0 |      0 |    0 |          0 |
|           u_acc                                                                   |                                                         accumulator_reg_186 |          8 |          8 |       0 |    0 |   16 |      0 |      0 |    0 |          0 |
|           u_add                                                                   |                                                             sat16_adder_187 |          8 |          8 |       0 |    0 |    0 |      0 |      0 |    0 |          0 |
|         GEN_ROW[1].GEN_COL[2].u_mac                                               |                                                                 mac_cell_26 |         16 |         16 |       0 |    0 |   16 |      0 |      0 |    0 |          0 |
|           u_acc                                                                   |                                                         accumulator_reg_184 |          8 |          8 |       0 |    0 |   16 |      0 |      0 |    0 |          0 |
|           u_add                                                                   |                                                             sat16_adder_185 |          8 |          8 |       0 |    0 |    0 |      0 |      0 |    0 |          0 |
|         GEN_ROW[1].GEN_COL[3].u_mac                                               |                                                                 mac_cell_27 |         16 |         16 |       0 |    0 |   16 |      0 |      0 |    0 |          0 |
|           u_acc                                                                   |                                                         accumulator_reg_182 |          8 |          8 |       0 |    0 |   16 |      0 |      0 |    0 |          0 |
|           u_add                                                                   |                                                             sat16_adder_183 |          8 |          8 |       0 |    0 |    0 |      0 |      0 |    0 |          0 |
|         GEN_ROW[1].GEN_COL[4].u_mac                                               |                                                                 mac_cell_28 |         16 |         16 |       0 |    0 |   16 |      0 |      0 |    0 |          0 |
|           u_acc                                                                   |                                                         accumulator_reg_180 |          8 |          8 |       0 |    0 |   16 |      0 |      0 |    0 |          0 |
|           u_add                                                                   |                                                             sat16_adder_181 |          8 |          8 |       0 |    0 |    0 |      0 |      0 |    0 |          0 |
|         GEN_ROW[1].GEN_COL[5].u_mac                                               |                                                                 mac_cell_29 |         16 |         16 |       0 |    0 |   16 |      0 |      0 |    0 |          0 |
|           u_acc                                                                   |                                                         accumulator_reg_178 |          8 |          8 |       0 |    0 |   16 |      0 |      0 |    0 |          0 |
|           u_add                                                                   |                                                             sat16_adder_179 |          8 |          8 |       0 |    0 |    0 |      0 |      0 |    0 |          0 |
|         GEN_ROW[1].GEN_COL[6].u_mac                                               |                                                                 mac_cell_30 |         16 |         16 |       0 |    0 |   16 |      0 |      0 |    0 |          0 |
|           u_acc                                                                   |                                                         accumulator_reg_176 |          8 |          8 |       0 |    0 |   16 |      0 |      0 |    0 |          0 |
|           u_add                                                                   |                                                             sat16_adder_177 |          8 |          8 |       0 |    0 |    0 |      0 |      0 |    0 |          0 |
|         GEN_ROW[1].GEN_COL[7].u_mac                                               |                                                                 mac_cell_31 |         16 |         16 |       0 |    0 |   16 |      0 |      0 |    0 |          0 |
|           u_acc                                                                   |                                                         accumulator_reg_174 |          8 |          8 |       0 |    0 |   16 |      0 |      0 |    0 |          0 |
|           u_add                                                                   |                                                             sat16_adder_175 |          8 |          8 |       0 |    0 |    0 |      0 |      0 |    0 |          0 |
|         GEN_ROW[2].GEN_COL[0].u_mac                                               |                                                                 mac_cell_32 |         16 |         16 |       0 |    0 |   16 |      0 |      0 |    0 |          0 |
|           u_acc                                                                   |                                                         accumulator_reg_172 |          8 |          8 |       0 |    0 |   16 |      0 |      0 |    0 |          0 |
|           u_add                                                                   |                                                             sat16_adder_173 |          8 |          8 |       0 |    0 |    0 |      0 |      0 |    0 |          0 |
|         GEN_ROW[2].GEN_COL[1].u_mac                                               |                                                                 mac_cell_33 |         16 |         16 |       0 |    0 |   16 |      0 |      0 |    0 |          0 |
|           u_acc                                                                   |                                                         accumulator_reg_170 |          8 |          8 |       0 |    0 |   16 |      0 |      0 |    0 |          0 |
|           u_add                                                                   |                                                             sat16_adder_171 |          8 |          8 |       0 |    0 |    0 |      0 |      0 |    0 |          0 |
|         GEN_ROW[2].GEN_COL[2].u_mac                                               |                                                                 mac_cell_34 |         16 |         16 |       0 |    0 |   16 |      0 |      0 |    0 |          0 |
|           u_acc                                                                   |                                                         accumulator_reg_168 |          8 |          8 |       0 |    0 |   16 |      0 |      0 |    0 |          0 |
|           u_add                                                                   |                                                             sat16_adder_169 |          8 |          8 |       0 |    0 |    0 |      0 |      0 |    0 |          0 |
|         GEN_ROW[2].GEN_COL[3].u_mac                                               |                                                                 mac_cell_35 |         16 |         16 |       0 |    0 |   16 |      0 |      0 |    0 |          0 |
|           u_acc                                                                   |                                                         accumulator_reg_166 |          8 |          8 |       0 |    0 |   16 |      0 |      0 |    0 |          0 |
|           u_add                                                                   |                                                             sat16_adder_167 |          8 |          8 |       0 |    0 |    0 |      0 |      0 |    0 |          0 |
|         GEN_ROW[2].GEN_COL[4].u_mac                                               |                                                                 mac_cell_36 |         16 |         16 |       0 |    0 |   16 |      0 |      0 |    0 |          0 |
|           u_acc                                                                   |                                                         accumulator_reg_164 |          8 |          8 |       0 |    0 |   16 |      0 |      0 |    0 |          0 |
|           u_add                                                                   |                                                             sat16_adder_165 |          8 |          8 |       0 |    0 |    0 |      0 |      0 |    0 |          0 |
|         GEN_ROW[2].GEN_COL[5].u_mac                                               |                                                                 mac_cell_37 |         16 |         16 |       0 |    0 |   16 |      0 |      0 |    0 |          0 |
|           u_acc                                                                   |                                                         accumulator_reg_162 |          8 |          8 |       0 |    0 |   16 |      0 |      0 |    0 |          0 |
|           u_add                                                                   |                                                             sat16_adder_163 |          8 |          8 |       0 |    0 |    0 |      0 |      0 |    0 |          0 |
|         GEN_ROW[2].GEN_COL[6].u_mac                                               |                                                                 mac_cell_38 |         16 |         16 |       0 |    0 |   16 |      0 |      0 |    0 |          0 |
|           u_acc                                                                   |                                                         accumulator_reg_160 |          8 |          8 |       0 |    0 |   16 |      0 |      0 |    0 |          0 |
|           u_add                                                                   |                                                             sat16_adder_161 |          8 |          8 |       0 |    0 |    0 |      0 |      0 |    0 |          0 |
|         GEN_ROW[2].GEN_COL[7].u_mac                                               |                                                                 mac_cell_39 |         16 |         16 |       0 |    0 |   16 |      0 |      0 |    0 |          0 |
|           u_acc                                                                   |                                                         accumulator_reg_158 |          8 |          8 |       0 |    0 |   16 |      0 |      0 |    0 |          0 |
|           u_add                                                                   |                                                             sat16_adder_159 |          8 |          8 |       0 |    0 |    0 |      0 |      0 |    0 |          0 |
|         GEN_ROW[3].GEN_COL[0].u_mac                                               |                                                                 mac_cell_40 |         16 |         16 |       0 |    0 |   16 |      0 |      0 |    0 |          0 |
|           u_acc                                                                   |                                                         accumulator_reg_156 |          8 |          8 |       0 |    0 |   16 |      0 |      0 |    0 |          0 |
|           u_add                                                                   |                                                             sat16_adder_157 |          8 |          8 |       0 |    0 |    0 |      0 |      0 |    0 |          0 |
|         GEN_ROW[3].GEN_COL[1].u_mac                                               |                                                                 mac_cell_41 |         16 |         16 |       0 |    0 |   16 |      0 |      0 |    0 |          0 |
|           u_acc                                                                   |                                                         accumulator_reg_154 |          8 |          8 |       0 |    0 |   16 |      0 |      0 |    0 |          0 |
|           u_add                                                                   |                                                             sat16_adder_155 |          8 |          8 |       0 |    0 |    0 |      0 |      0 |    0 |          0 |
|         GEN_ROW[3].GEN_COL[2].u_mac                                               |                                                                 mac_cell_42 |         16 |         16 |       0 |    0 |   16 |      0 |      0 |    0 |          0 |
|           u_acc                                                                   |                                                         accumulator_reg_152 |          8 |          8 |       0 |    0 |   16 |      0 |      0 |    0 |          0 |
|           u_add                                                                   |                                                             sat16_adder_153 |          8 |          8 |       0 |    0 |    0 |      0 |      0 |    0 |          0 |
|         GEN_ROW[3].GEN_COL[3].u_mac                                               |                                                                 mac_cell_43 |         16 |         16 |       0 |    0 |   16 |      0 |      0 |    0 |          0 |
|           u_acc                                                                   |                                                         accumulator_reg_150 |          8 |          8 |       0 |    0 |   16 |      0 |      0 |    0 |          0 |
|           u_add                                                                   |                                                             sat16_adder_151 |          8 |          8 |       0 |    0 |    0 |      0 |      0 |    0 |          0 |
|         GEN_ROW[3].GEN_COL[4].u_mac                                               |                                                                 mac_cell_44 |         16 |         16 |       0 |    0 |   16 |      0 |      0 |    0 |          0 |
|           u_acc                                                                   |                                                         accumulator_reg_148 |          8 |          8 |       0 |    0 |   16 |      0 |      0 |    0 |          0 |
|           u_add                                                                   |                                                             sat16_adder_149 |          8 |          8 |       0 |    0 |    0 |      0 |      0 |    0 |          0 |
|         GEN_ROW[3].GEN_COL[5].u_mac                                               |                                                                 mac_cell_45 |         16 |         16 |       0 |    0 |   16 |      0 |      0 |    0 |          0 |
|           u_acc                                                                   |                                                         accumulator_reg_146 |          8 |          8 |       0 |    0 |   16 |      0 |      0 |    0 |          0 |
|           u_add                                                                   |                                                             sat16_adder_147 |          8 |          8 |       0 |    0 |    0 |      0 |      0 |    0 |          0 |
|         GEN_ROW[3].GEN_COL[6].u_mac                                               |                                                                 mac_cell_46 |         16 |         16 |       0 |    0 |   16 |      0 |      0 |    0 |          0 |
|           u_acc                                                                   |                                                         accumulator_reg_144 |          8 |          8 |       0 |    0 |   16 |      0 |      0 |    0 |          0 |
|           u_add                                                                   |                                                             sat16_adder_145 |          8 |          8 |       0 |    0 |    0 |      0 |      0 |    0 |          0 |
|         GEN_ROW[3].GEN_COL[7].u_mac                                               |                                                                 mac_cell_47 |         16 |         16 |       0 |    0 |   16 |      0 |      0 |    0 |          0 |
|           u_acc                                                                   |                                                         accumulator_reg_142 |          8 |          8 |       0 |    0 |   16 |      0 |      0 |    0 |          0 |
|           u_add                                                                   |                                                             sat16_adder_143 |          8 |          8 |       0 |    0 |    0 |      0 |      0 |    0 |          0 |
|         GEN_ROW[4].GEN_COL[0].u_mac                                               |                                                                 mac_cell_48 |         16 |         16 |       0 |    0 |   16 |      0 |      0 |    0 |          0 |
|           u_acc                                                                   |                                                         accumulator_reg_140 |          8 |          8 |       0 |    0 |   16 |      0 |      0 |    0 |          0 |
|           u_add                                                                   |                                                             sat16_adder_141 |          8 |          8 |       0 |    0 |    0 |      0 |      0 |    0 |          0 |
|         GEN_ROW[4].GEN_COL[1].u_mac                                               |                                                                 mac_cell_49 |         16 |         16 |       0 |    0 |   16 |      0 |      0 |    0 |          0 |
|           u_acc                                                                   |                                                         accumulator_reg_138 |          8 |          8 |       0 |    0 |   16 |      0 |      0 |    0 |          0 |
|           u_add                                                                   |                                                             sat16_adder_139 |          8 |          8 |       0 |    0 |    0 |      0 |      0 |    0 |          0 |
|         GEN_ROW[4].GEN_COL[2].u_mac                                               |                                                                 mac_cell_50 |         16 |         16 |       0 |    0 |   16 |      0 |      0 |    0 |          0 |
|           u_acc                                                                   |                                                         accumulator_reg_136 |          8 |          8 |       0 |    0 |   16 |      0 |      0 |    0 |          0 |
|           u_add                                                                   |                                                             sat16_adder_137 |          8 |          8 |       0 |    0 |    0 |      0 |      0 |    0 |          0 |
|         GEN_ROW[4].GEN_COL[3].u_mac                                               |                                                                 mac_cell_51 |         16 |         16 |       0 |    0 |   16 |      0 |      0 |    0 |          0 |
|           u_acc                                                                   |                                                         accumulator_reg_134 |          8 |          8 |       0 |    0 |   16 |      0 |      0 |    0 |          0 |
|           u_add                                                                   |                                                             sat16_adder_135 |          8 |          8 |       0 |    0 |    0 |      0 |      0 |    0 |          0 |
|         GEN_ROW[4].GEN_COL[4].u_mac                                               |                                                                 mac_cell_52 |         16 |         16 |       0 |    0 |   16 |      0 |      0 |    0 |          0 |
|           u_acc                                                                   |                                                         accumulator_reg_132 |          8 |          8 |       0 |    0 |   16 |      0 |      0 |    0 |          0 |
|           u_add                                                                   |                                                             sat16_adder_133 |          8 |          8 |       0 |    0 |    0 |      0 |      0 |    0 |          0 |
|         GEN_ROW[4].GEN_COL[5].u_mac                                               |                                                                 mac_cell_53 |         16 |         16 |       0 |    0 |   16 |      0 |      0 |    0 |          0 |
|           u_acc                                                                   |                                                         accumulator_reg_130 |          8 |          8 |       0 |    0 |   16 |      0 |      0 |    0 |          0 |
|           u_add                                                                   |                                                             sat16_adder_131 |          8 |          8 |       0 |    0 |    0 |      0 |      0 |    0 |          0 |
|         GEN_ROW[4].GEN_COL[6].u_mac                                               |                                                                 mac_cell_54 |         16 |         16 |       0 |    0 |   16 |      0 |      0 |    0 |          0 |
|           u_acc                                                                   |                                                         accumulator_reg_128 |          8 |          8 |       0 |    0 |   16 |      0 |      0 |    0 |          0 |
|           u_add                                                                   |                                                             sat16_adder_129 |          8 |          8 |       0 |    0 |    0 |      0 |      0 |    0 |          0 |
|         GEN_ROW[4].GEN_COL[7].u_mac                                               |                                                                 mac_cell_55 |         16 |         16 |       0 |    0 |   16 |      0 |      0 |    0 |          0 |
|           u_acc                                                                   |                                                         accumulator_reg_126 |          8 |          8 |       0 |    0 |   16 |      0 |      0 |    0 |          0 |
|           u_add                                                                   |                                                             sat16_adder_127 |          8 |          8 |       0 |    0 |    0 |      0 |      0 |    0 |          0 |
|         GEN_ROW[5].GEN_COL[0].u_mac                                               |                                                                 mac_cell_56 |         16 |         16 |       0 |    0 |   16 |      0 |      0 |    0 |          0 |
|           u_acc                                                                   |                                                         accumulator_reg_124 |          8 |          8 |       0 |    0 |   16 |      0 |      0 |    0 |          0 |
|           u_add                                                                   |                                                             sat16_adder_125 |          8 |          8 |       0 |    0 |    0 |      0 |      0 |    0 |          0 |
|         GEN_ROW[5].GEN_COL[1].u_mac                                               |                                                                 mac_cell_57 |         16 |         16 |       0 |    0 |   16 |      0 |      0 |    0 |          0 |
|           u_acc                                                                   |                                                         accumulator_reg_122 |          8 |          8 |       0 |    0 |   16 |      0 |      0 |    0 |          0 |
|           u_add                                                                   |                                                             sat16_adder_123 |          8 |          8 |       0 |    0 |    0 |      0 |      0 |    0 |          0 |
|         GEN_ROW[5].GEN_COL[2].u_mac                                               |                                                                 mac_cell_58 |         16 |         16 |       0 |    0 |   16 |      0 |      0 |    0 |          0 |
|           u_acc                                                                   |                                                         accumulator_reg_120 |          8 |          8 |       0 |    0 |   16 |      0 |      0 |    0 |          0 |
|           u_add                                                                   |                                                             sat16_adder_121 |          8 |          8 |       0 |    0 |    0 |      0 |      0 |    0 |          0 |
|         GEN_ROW[5].GEN_COL[3].u_mac                                               |                                                                 mac_cell_59 |         16 |         16 |       0 |    0 |   16 |      0 |      0 |    0 |          0 |
|           u_acc                                                                   |                                                         accumulator_reg_118 |          8 |          8 |       0 |    0 |   16 |      0 |      0 |    0 |          0 |
|           u_add                                                                   |                                                             sat16_adder_119 |          8 |          8 |       0 |    0 |    0 |      0 |      0 |    0 |          0 |
|         GEN_ROW[5].GEN_COL[4].u_mac                                               |                                                                 mac_cell_60 |         16 |         16 |       0 |    0 |   16 |      0 |      0 |    0 |          0 |
|           u_acc                                                                   |                                                         accumulator_reg_116 |          8 |          8 |       0 |    0 |   16 |      0 |      0 |    0 |          0 |
|           u_add                                                                   |                                                             sat16_adder_117 |          8 |          8 |       0 |    0 |    0 |      0 |      0 |    0 |          0 |
|         GEN_ROW[5].GEN_COL[5].u_mac                                               |                                                                 mac_cell_61 |         16 |         16 |       0 |    0 |   16 |      0 |      0 |    0 |          0 |
|           u_acc                                                                   |                                                         accumulator_reg_114 |          8 |          8 |       0 |    0 |   16 |      0 |      0 |    0 |          0 |
|           u_add                                                                   |                                                             sat16_adder_115 |          8 |          8 |       0 |    0 |    0 |      0 |      0 |    0 |          0 |
|         GEN_ROW[5].GEN_COL[6].u_mac                                               |                                                                 mac_cell_62 |         16 |         16 |       0 |    0 |   16 |      0 |      0 |    0 |          0 |
|           u_acc                                                                   |                                                         accumulator_reg_112 |          8 |          8 |       0 |    0 |   16 |      0 |      0 |    0 |          0 |
|           u_add                                                                   |                                                             sat16_adder_113 |          8 |          8 |       0 |    0 |    0 |      0 |      0 |    0 |          0 |
|         GEN_ROW[5].GEN_COL[7].u_mac                                               |                                                                 mac_cell_63 |         16 |         16 |       0 |    0 |   16 |      0 |      0 |    0 |          0 |
|           u_acc                                                                   |                                                         accumulator_reg_110 |          8 |          8 |       0 |    0 |   16 |      0 |      0 |    0 |          0 |
|           u_add                                                                   |                                                             sat16_adder_111 |          8 |          8 |       0 |    0 |    0 |      0 |      0 |    0 |          0 |
|         GEN_ROW[6].GEN_COL[0].u_mac                                               |                                                                 mac_cell_64 |         16 |         16 |       0 |    0 |   16 |      0 |      0 |    0 |          0 |
|           u_acc                                                                   |                                                         accumulator_reg_108 |          8 |          8 |       0 |    0 |   16 |      0 |      0 |    0 |          0 |
|           u_add                                                                   |                                                             sat16_adder_109 |          8 |          8 |       0 |    0 |    0 |      0 |      0 |    0 |          0 |
|         GEN_ROW[6].GEN_COL[1].u_mac                                               |                                                                 mac_cell_65 |         16 |         16 |       0 |    0 |   16 |      0 |      0 |    0 |          0 |
|           u_acc                                                                   |                                                         accumulator_reg_106 |          8 |          8 |       0 |    0 |   16 |      0 |      0 |    0 |          0 |
|           u_add                                                                   |                                                             sat16_adder_107 |          8 |          8 |       0 |    0 |    0 |      0 |      0 |    0 |          0 |
|         GEN_ROW[6].GEN_COL[2].u_mac                                               |                                                                 mac_cell_66 |         16 |         16 |       0 |    0 |   16 |      0 |      0 |    0 |          0 |
|           u_acc                                                                   |                                                         accumulator_reg_104 |          8 |          8 |       0 |    0 |   16 |      0 |      0 |    0 |          0 |
|           u_add                                                                   |                                                             sat16_adder_105 |          8 |          8 |       0 |    0 |    0 |      0 |      0 |    0 |          0 |
|         GEN_ROW[6].GEN_COL[3].u_mac                                               |                                                                 mac_cell_67 |         16 |         16 |       0 |    0 |   16 |      0 |      0 |    0 |          0 |
|           u_acc                                                                   |                                                         accumulator_reg_102 |          8 |          8 |       0 |    0 |   16 |      0 |      0 |    0 |          0 |
|           u_add                                                                   |                                                             sat16_adder_103 |          8 |          8 |       0 |    0 |    0 |      0 |      0 |    0 |          0 |
|         GEN_ROW[6].GEN_COL[4].u_mac                                               |                                                                 mac_cell_68 |         16 |         16 |       0 |    0 |   16 |      0 |      0 |    0 |          0 |
|           u_acc                                                                   |                                                         accumulator_reg_100 |          8 |          8 |       0 |    0 |   16 |      0 |      0 |    0 |          0 |
|           u_add                                                                   |                                                             sat16_adder_101 |          8 |          8 |       0 |    0 |    0 |      0 |      0 |    0 |          0 |
|         GEN_ROW[6].GEN_COL[5].u_mac                                               |                                                                 mac_cell_69 |         16 |         16 |       0 |    0 |   16 |      0 |      0 |    0 |          0 |
|           u_acc                                                                   |                                                          accumulator_reg_98 |          8 |          8 |       0 |    0 |   16 |      0 |      0 |    0 |          0 |
|           u_add                                                                   |                                                              sat16_adder_99 |          8 |          8 |       0 |    0 |    0 |      0 |      0 |    0 |          0 |
|         GEN_ROW[6].GEN_COL[6].u_mac                                               |                                                                 mac_cell_70 |         16 |         16 |       0 |    0 |   16 |      0 |      0 |    0 |          0 |
|           u_acc                                                                   |                                                          accumulator_reg_96 |          8 |          8 |       0 |    0 |   16 |      0 |      0 |    0 |          0 |
|           u_add                                                                   |                                                              sat16_adder_97 |          8 |          8 |       0 |    0 |    0 |      0 |      0 |    0 |          0 |
|         GEN_ROW[6].GEN_COL[7].u_mac                                               |                                                                 mac_cell_71 |         16 |         16 |       0 |    0 |   16 |      0 |      0 |    0 |          0 |
|           u_acc                                                                   |                                                          accumulator_reg_94 |          8 |          8 |       0 |    0 |   16 |      0 |      0 |    0 |          0 |
|           u_add                                                                   |                                                              sat16_adder_95 |          8 |          8 |       0 |    0 |    0 |      0 |      0 |    0 |          0 |
|         GEN_ROW[7].GEN_COL[0].u_mac                                               |                                                                 mac_cell_72 |         16 |         16 |       0 |    0 |   16 |      0 |      0 |    0 |          0 |
|           u_acc                                                                   |                                                          accumulator_reg_92 |          8 |          8 |       0 |    0 |   16 |      0 |      0 |    0 |          0 |
|           u_add                                                                   |                                                              sat16_adder_93 |          8 |          8 |       0 |    0 |    0 |      0 |      0 |    0 |          0 |
|         GEN_ROW[7].GEN_COL[1].u_mac                                               |                                                                 mac_cell_73 |         16 |         16 |       0 |    0 |   16 |      0 |      0 |    0 |          0 |
|           u_acc                                                                   |                                                          accumulator_reg_90 |          8 |          8 |       0 |    0 |   16 |      0 |      0 |    0 |          0 |
|           u_add                                                                   |                                                              sat16_adder_91 |          8 |          8 |       0 |    0 |    0 |      0 |      0 |    0 |          0 |
|         GEN_ROW[7].GEN_COL[2].u_mac                                               |                                                                 mac_cell_74 |         16 |         16 |       0 |    0 |   16 |      0 |      0 |    0 |          0 |
|           u_acc                                                                   |                                                          accumulator_reg_88 |          8 |          8 |       0 |    0 |   16 |      0 |      0 |    0 |          0 |
|           u_add                                                                   |                                                              sat16_adder_89 |          8 |          8 |       0 |    0 |    0 |      0 |      0 |    0 |          0 |
|         GEN_ROW[7].GEN_COL[3].u_mac                                               |                                                                 mac_cell_75 |         16 |         16 |       0 |    0 |   16 |      0 |      0 |    0 |          0 |
|           u_acc                                                                   |                                                          accumulator_reg_86 |          8 |          8 |       0 |    0 |   16 |      0 |      0 |    0 |          0 |
|           u_add                                                                   |                                                              sat16_adder_87 |          8 |          8 |       0 |    0 |    0 |      0 |      0 |    0 |          0 |
|         GEN_ROW[7].GEN_COL[4].u_mac                                               |                                                                 mac_cell_76 |         16 |         16 |       0 |    0 |   16 |      0 |      0 |    0 |          0 |
|           u_acc                                                                   |                                                          accumulator_reg_84 |          8 |          8 |       0 |    0 |   16 |      0 |      0 |    0 |          0 |
|           u_add                                                                   |                                                              sat16_adder_85 |          8 |          8 |       0 |    0 |    0 |      0 |      0 |    0 |          0 |
|         GEN_ROW[7].GEN_COL[5].u_mac                                               |                                                                 mac_cell_77 |         16 |         16 |       0 |    0 |   16 |      0 |      0 |    0 |          0 |
|           u_acc                                                                   |                                                          accumulator_reg_82 |          8 |          8 |       0 |    0 |   16 |      0 |      0 |    0 |          0 |
|           u_add                                                                   |                                                              sat16_adder_83 |          8 |          8 |       0 |    0 |    0 |      0 |      0 |    0 |          0 |
|         GEN_ROW[7].GEN_COL[6].u_mac                                               |                                                                 mac_cell_78 |         16 |         16 |       0 |    0 |   16 |      0 |      0 |    0 |          0 |
|           u_acc                                                                   |                                                          accumulator_reg_80 |          8 |          8 |       0 |    0 |   16 |      0 |      0 |    0 |          0 |
|           u_add                                                                   |                                                              sat16_adder_81 |          8 |          8 |       0 |    0 |    0 |      0 |      0 |    0 |          0 |
|         GEN_ROW[7].GEN_COL[7].u_mac                                               |                                                                 mac_cell_79 |         16 |         16 |       0 |    0 |   16 |      0 |      0 |    0 |          0 |
|           u_acc                                                                   |                                                             accumulator_reg |          8 |          8 |       0 |    0 |   16 |      0 |      0 |    0 |          0 |
|           u_add                                                                   |                                                                 sat16_adder |          8 |          8 |       0 |    0 |    0 |      0 |      0 |    0 |          0 |
|       u_ctrl                                                                      |                                                              mac_controller |        232 |        232 |       0 |    0 |  185 |      0 |      0 |    0 |          0 |
|       u_scale_accum0                                                              |                                                             mac_scale_accum |        271 |        271 |       0 |    0 |  126 |      0 |      0 |    0 |          0 |
|         (u_scale_accum0)                                                          |                                                             mac_scale_accum |        264 |        264 |       0 |    0 |  126 |      0 |      0 |    0 |          0 |
|         u_add                                                                     |                                                          bf16_accumulate_15 |          7 |          7 |       0 |    0 |    0 |      0 |      0 |    0 |          0 |
|           u_fp_adder                                                              |                                                      parameterized_adder_16 |          7 |          7 |       0 |    0 |    0 |      0 |      0 |    0 |          0 |
|       u_scale_accum1                                                              |                                                          mac_scale_accum_14 |        272 |        272 |       0 |    0 |  126 |      0 |      0 |    0 |          0 |
|         (u_scale_accum1)                                                          |                                                          mac_scale_accum_14 |        265 |        265 |       0 |    0 |  126 |      0 |      0 |    0 |          0 |
|         u_add                                                                     |                                                             bf16_accumulate |          7 |          7 |       0 |    0 |    0 |      0 |      0 |    0 |          0 |
|           u_fp_adder                                                              |                                                         parameterized_adder |          7 |          7 |       0 |    0 |    0 |      0 |      0 |    0 |          0 |
|       u_scale_fsm                                                                 |                                                               mac_scale_fsm |        366 |        366 |       0 |    0 |   38 |      0 |      0 |    0 |          0 |
|     cs_registers_i                                                                |                                                           cve2_cs_registers |        226 |        226 |       0 |    0 |  830 |      0 |      0 |    0 |          9 |
|       (cs_registers_i)                                                            |                                                           cve2_cs_registers |          0 |          0 |       0 |    0 |   14 |      0 |      0 |    0 |          0 |
|       gen_cntrs[0].gen_imp.mcounters_variable_i                                   |                                                                cve2_counter |         40 |         40 |       0 |    0 |   40 |      0 |      0 |    0 |          1 |
|       gen_cntrs[1].gen_imp.mcounters_variable_i                                   |                                                              cve2_counter_0 |          0 |          0 |       0 |    0 |   40 |      0 |      0 |    0 |          1 |
|       gen_cntrs[2].gen_imp.mcounters_variable_i                                   |                                                              cve2_counter_1 |          0 |          0 |       0 |    0 |   40 |      0 |      0 |    0 |          1 |
|       gen_cntrs[3].gen_imp.mcounters_variable_i                                   |                                                              cve2_counter_2 |          0 |          0 |       0 |    0 |   40 |      0 |      0 |    0 |          1 |
|       gen_cntrs[4].gen_imp.mcounters_variable_i                                   |                                                              cve2_counter_3 |         40 |         40 |       0 |    0 |   40 |      0 |      0 |    0 |          1 |
|       gen_cntrs[5].gen_imp.mcounters_variable_i                                   |                                                              cve2_counter_4 |          0 |          0 |       0 |    0 |   40 |      0 |      0 |    0 |          1 |
|       gen_cntrs[6].gen_imp.mcounters_variable_i                                   |                                                              cve2_counter_5 |          0 |          0 |       0 |    0 |   40 |      0 |      0 |    0 |          1 |
|       gen_cntrs[7].gen_imp.mcounters_variable_i                                   |                                                cve2_counter__parameterized0 |          0 |          0 |       0 |    0 |   40 |      0 |      0 |    0 |          0 |
|       gen_cntrs[8].gen_imp.mcounters_variable_i                                   |                                                              cve2_counter_6 |         40 |         40 |       0 |    0 |   40 |      0 |      0 |    0 |          1 |
|       gen_cntrs[9].gen_imp.mcounters_variable_i                                   |                                                              cve2_counter_7 |          0 |          0 |       0 |    0 |   40 |      0 |      0 |    0 |          1 |
|       gen_trigger_regs.g_dbg_tmatch_reg[0].u_tmatch_control_csr                   |                                                                    cve2_csr |          1 |          1 |       0 |    0 |    1 |      0 |      0 |    0 |          0 |
|       gen_trigger_regs.g_dbg_tmatch_reg[0].u_tmatch_value_csr                     |                                                    cve2_csr__parameterized0 |          8 |          8 |       0 |    0 |   32 |      0 |      0 |    0 |          0 |
|       mcycle_counter_i                                                            |                                                cve2_counter__parameterized1 |          0 |          0 |       0 |    0 |   64 |      0 |      0 |    0 |          0 |
|       minstret_counter_i                                                          |                                                cve2_counter__parameterized2 |          0 |          0 |       0 |    0 |   64 |      0 |      0 |    0 |          0 |
|       u_dcsr_csr                                                                  |                                                    cve2_csr__parameterized5 |          7 |          7 |       0 |    0 |    9 |      0 |      0 |    0 |          0 |
|       u_depc_csr                                                                  |                                                  cve2_csr__parameterized0_8 |          5 |          5 |       0 |    0 |   31 |      0 |      0 |    0 |          0 |
|       u_dscratch0_csr                                                             |                                                  cve2_csr__parameterized0_9 |         12 |         12 |       0 |    0 |   32 |      0 |      0 |    0 |          0 |
|       u_dscratch1_csr                                                             |                                                 cve2_csr__parameterized0_10 |          7 |          7 |       0 |    0 |   32 |      0 |      0 |    0 |          0 |
|       u_mcause_csr                                                                |                                                    cve2_csr__parameterized3 |          2 |          2 |       0 |    0 |    7 |      0 |      0 |    0 |          0 |
|       u_mepc_csr                                                                  |                                                 cve2_csr__parameterized0_11 |          0 |          0 |       0 |    0 |   31 |      0 |      0 |    0 |          0 |
|       u_mie_csr                                                                   |                                                    cve2_csr__parameterized2 |          2 |          2 |       0 |    0 |   19 |      0 |      0 |    0 |          0 |
|       u_mscratch_csr                                                              |                                                 cve2_csr__parameterized0_12 |         52 |         52 |       0 |    0 |   32 |      0 |      0 |    0 |          0 |
|       u_mstatus_csr                                                               |                                                    cve2_csr__parameterized1 |          3 |          3 |       0 |    0 |    6 |      0 |      0 |    0 |          0 |
|       u_mtval_csr                                                                 |                                                 cve2_csr__parameterized0_13 |          7 |          7 |       0 |    0 |   32 |      0 |      0 |    0 |          0 |
|       u_mtvec_csr                                                                 |                                                    cve2_csr__parameterized4 |          0 |          0 |       0 |    0 |   24 |      0 |      0 |    0 |          0 |
|     ex_block_i                                                                    |                                                               cve2_ex_block |        303 |        303 |       0 |    0 |   74 |      0 |      0 |    0 |          4 |
|       alu_i                                                                       |                                                                    cve2_alu |         20 |         20 |       0 |    0 |    0 |      0 |      0 |    0 |          0 |
|       gen_multdiv_fast.multdiv_i                                                  |                                                           cve2_multdiv_fast |        283 |        283 |       0 |    0 |   74 |      0 |      0 |    0 |          4 |
|     id_stage_i                                                                    |                                                               cve2_id_stage |        567 |        567 |       0 |    0 |   80 |      0 |      0 |    0 |          0 |
|       (id_stage_i)                                                                |                                                               cve2_id_stage |         48 |         48 |       0 |    0 |   69 |      0 |      0 |    0 |          0 |
|       controller_i                                                                |                                                             cve2_controller |        519 |        519 |       0 |    0 |   11 |      0 |      0 |    0 |          0 |
|     if_stage_i                                                                    |                                                               cve2_if_stage |       1654 |       1654 |       0 |    0 |  259 |      0 |      0 |    0 |          0 |
|       (if_stage_i)                                                                |                                                               cve2_if_stage |       1378 |       1378 |       0 |    0 |   92 |      0 |      0 |    0 |          0 |
|       prefetch_buffer_i                                                           |                                                        cve2_prefetch_buffer |        279 |        279 |       0 |    0 |  167 |      0 |      0 |    0 |          0 |
|         (prefetch_buffer_i)                                                       |                                                        cve2_prefetch_buffer |          2 |          2 |       0 |    0 |   34 |      0 |      0 |    0 |          0 |
|         fifo_i                                                                    |                                                             cve2_fetch_fifo |        277 |        277 |       0 |    0 |  133 |      0 |      0 |    0 |          0 |
|     load_store_unit_i                                                             |                                                        cve2_load_store_unit |        138 |        138 |       0 |    0 |   67 |      0 |      0 |    0 |          0 |
|     register_file_i                                                               |                                                       cve2_register_file_ff |        631 |        631 |       0 |    0 |  992 |      0 |      0 |    0 |          0 |
|     vec_unit_i                                                                    |                                                               cve2_vec_unit |       1372 |       1372 |       0 |    0 |  243 |      2 |      0 |    0 |          0 |
|       (vec_unit_i)                                                                |                                                               cve2_vec_unit |        169 |        169 |       0 |    0 |  211 |      0 |      0 |    0 |          0 |
|       i_vrf                                                                       |                                                            cve2_vec_regfile |       1203 |       1203 |       0 |    0 |   32 |      2 |      0 |    0 |          0 |
|     wb_i                                                                          |                                                                     cve2_wb |          3 |          3 |       0 |    0 |    0 |      0 |      0 |    0 |          0 |
+-----------------------------------------------------------------------------------+-----------------------------------------------------------------------------+------------+------------+---------+------+------+--------+--------+------+------------+
* Note: The sum of lower-level cells may be larger than their parent cells total, due to cross-hierarchy LUT combining


